Name,Type,Status
Feature 1,Flatness,Out of sync
Feature 1 [2],Flatness,Out of sync
