Name,Status
Circle 1,Invalid: Source elements are no longer present
Cylinder 1,Invalid: Not synchronized with current situation (surface determination change?)
Plane 1,Invalid: Not synchronized with current situation (surface determination change?)
Plane 1 [2],Invalid: Not synchronized with current situation (surface determination change?)
Plane 2,Invalid: Not synchronized with current situation (surface determination change?)
